272:-- Performing Test CMAKE_HAVE_LIBC_PTHREAD - Failed
324:--   Package 'libsystemd', required by 'virtual:world', not found
1010:-- Performing Test COMPILER_SUPPORTS_AVX2 - Failed
1051:-- Performing Test COMPILER_SUPPORTS_FMA - Failed
1059:-- Documentation generation disabled (doxygen not found)
1458:checking for /usr/local/lib/android/sdk/ndk/27.2.12479018/toolchains/llvm/prebuilt/linux-x86_64/bin/aarch64-linux-android23-clang way to treat warnings as errors... -Werror
6497:checking for perror... yes
7452:running CONFIG_SHELL=/bin/bash /bin/bash ./configure --host=aarch64-linux-android --prefix=/home/runner/work/Hezartoo/Hezartoo/lokinet/build-android/build-arm64-v8a/static-deps --enable-static --disable-shared --disable-curve-keygen --enable-curve --disable-drafts --disable-libunwind --with-libsodium --without-pgm --without-norm --without-vmci --without-docs --with-pic --disable-Werror --disable-libbsd CC=/usr/local/lib/android/sdk/ndk/27.2.12479018/toolchains/llvm/prebuilt/linux-x86_64/bin/aarch64-linux-android23-clang CXX=/usr/local/lib/android/sdk/ndk/27.2.12479018/toolchains/llvm/prebuilt/linux-x86_64/bin/aarch64-linux-android23-clang++ CFLAGS=-O2 -fstack-protector CXXFLAGS=-O2 -fstack-protector sodium_CFLAGS=-I/home/runner/work/Hezartoo/Hezartoo/lokinet/build-android/build-arm64-v8a/static-deps/include sodium_LIBS=-L/home/runner/work/Hezartoo/Hezartoo/lokinet/build-android/build-arm64-v8a/static-deps/lib -lsodium host_alias=aarch64-linux-android --no-create --no-recursion
8652:checking for perror... 1 warning generated.
12427:checking whether /usr/local/lib/android/sdk/ndk/27.2.12479018/toolchains/llvm/prebuilt/linux-x86_64/bin/aarch64-linux-android23-clang supports -Werror... yes
12604:checking if compiler needs -Werror to reject unknown flags... yes
12841:util/configparser.h:49:2: error: unterminated conditional directive
12844:util/configparser.h:38:2: error: unterminated conditional directive
12847:util/configparser.c:125:1: error: expected expression
12850:util/configparser.y:3781:2: error: expected '}' or ','
12853:util/configparser.y:3781:2: error: expected '}'
12857:util/configparser.y:3781:2: error: expected ';' after enum
12861:6 errors generated.
12862:make[5]: *** [Makefile:318: configparser.lo] Error 1
12868:make[4]: *** [CMakeFiles/unbound_external.dir/build.make:86: static-deps-sources/src/unbound_external-stamp/unbound_external-build] Error 2
12870:make[3]: *** [CMakeFiles/Makefile2:608: CMakeFiles/unbound_external.dir/all] Error 2
12914:make[2]: *** [CMakeFiles/Makefile2:1403: jni/CMakeFiles/lokinet-android.dir/rule] Error 2
12916:make[1]: *** [Makefile:527: lokinet-android] Error 2
12918:make: *** [Makefile:4: arm64-v8a] Error 2
=================== tail
checking for OPENSSL_init_ssl... yes
checking for SSL_CTX_set_security_level... yes
checking for SSL_set1_host... yes
checking for SSL_get0_peername...   CXX      src/libzmq_la-reaper.lo
yes
checking for X509_VERIFY_PARAM_set1_host... yes
checking for SSL_CTX_set_ciphersuites... yes
checking for SSL_CTX_set_tlsext_ticket_key_evp_cb...   CXX      src/libzmq_la-rep.lo
yes
checking for SSL_CTX_set_alpn_select_cb... yes
checking for SSL_get0_alpn_selected... yes
checking for SSL_CTX_set_alpn_protos... yes
checking for SSL_get1_peer_certificate...   CXX      src/libzmq_la-req.lo
yes
checking whether SSL_COMP_get_compression_methods is declared... yes
checking whether sk_SSL_COMP_pop_free is declared...   CXX      src/libzmq_la-router.lo
yes
checking whether SSL_CTX_set_ecdh_auto is declared... yes
checking the return type of HMAC_Init_ex...   CXX      src/libzmq_la-scatter.lo
int
checking for EVP_PKEY_set_type_str... yes
checking for EC_KEY_new... yes
checking if GOST works... maybe
checking for ECDSA_sign... yes
checking for SHA384_Init... yes
checking whether NID_X9_62_prime256v1 is declared... yes
checking whether NID_secp384r1 is declared... yes
checking if openssl supports SHA2 and ECDSA with EVP... yes
  CXX      src/libzmq_la-select.lo
checking whether NID_ED25519 is declared... yes
checking whether NID_ED448 is declared... yes
checking for libexpat... found in /home/runner/work/Hezartoo/Hezartoo/lokinet/build-android/build-arm64-v8a/static-deps
checking for expat.h... yes
checking whether XML_StopParser is declared... yes
checking for getaddrinfo... yes
checking for ioctlsocket...   CXX      src/libzmq_la-server.lo
no
checking for daemon... yes
checking if daemon is deprecated...   CXX      src/libzmq_la-session_base.lo
no
checking for struct sockaddr_un.sun_len... no
checking for struct in_pktinfo.ipi_spec_dst... yes
checking for htobe64... yes
checking for be64toh... yes
checking for library containing setusercontext... no
checking for tzset... yes
checking for sigprocmask... yes
  CXX      src/libzmq_la-signaler.lo
checking for fcntl... yes
checking for getpwnam... yes
checking for endpwent... no
checking for getrlimit... yes
checking for setrlimit... yes
checking for setsid... yes
checking for chroot... yes
checking for kill...   CXX      src/libzmq_la-socket_base.lo
yes
checking for chown... yes
checking for sleep... yes
checking for usleep... yes
checking for random... yes
checking for srandom... yes
checking for recvmsg... yes
checking for sendmsg...   CXX      src/libzmq_la-socks.lo
yes
checking for writev... yes
  CXX      src/libzmq_la-socks_connecter.lo
checking for socketpair... yes
checking for glob... no
checking for initgroups... yes
checking for strftime... yes
checking for localtime_r... yes
checking for setusercontext... no
checking for _beginthreadex... no
checking for endservent... yes
checking for endprotoent... no
checking for fsync... yes
checking for shmget...   CXX      src/libzmq_la-stream.lo
no
checking for accept4... yes
checking for getifaddrs... no
checking for if_nametoindex... yes
checking for poll... yes
checking for gettid... yes
checking for setresuid... yes
checking for setresgid... yes
checking whether inet_pton is declared...   CXX      src/libzmq_la-stream_connecter_base.lo
yes
checking whether inet_ntop is declared... yes
checking for inet_aton... yes
checking for inet_pton... yes
checking for inet_ntop... yes
checking for snprintf... yes
checking for strlcat... yes
checking for strlcpy... yes
checking for memmove... yes
checking for gmtime_r... yes
checking for isblank... yes
checking for explicit_bzero... no
checking for reallocarray...   CXX      src/libzmq_la-stream_listener_base.lo
  CXX      src/libzmq_la-stream_engine_base.lo
no
checking whether reallocarray is declared... no
checking for arc4random... yes
checking for arc4random_uniform... yes
checking for ctime_r... yes
checking for strsep... yes
checking if make supports $< with implicit rule in scope... yes
configure: Stripping extension flags...
configure: creating ./config.status
  CXX      src/libzmq_la-sub.lo
config.status: creating Makefile
config.status: creating doc/example.conf
config.status: creating doc/libunbound.3
  CXX      src/libzmq_la-tcp.lo
config.status: creating doc/unbound.8
config.status: creating doc/unbound-anchor.8
config.status: creating doc/unbound-checkconf.8
config.status: creating doc/unbound.conf.5
config.status: creating doc/unbound-control.8
config.status: creating doc/unbound-host.1
config.status: creating smallapp/unbound-control-setup.sh
config.status: creating dnstap/dnstap_config.h
config.status: creating dnscrypt/dnscrypt_config.h
config.status: creating contrib/libunbound.pc
config.status: creating contrib/unbound.socket
config.status: creating contrib/unbound.service
config.status: creating contrib/unbound_portable.service
config.status: creating config.h
config.status: executing libtool commands
[ 44%] Performing build step for 'unbound_external'
make[5]: Entering directory '/home/runner/work/Hezartoo/Hezartoo/lokinet/build-android/build-arm64-v8a/static-deps-sources/src/unbound_external'
libtool: compile:  /usr/local/lib/android/sdk/ndk/27.2.12479018/toolchains/llvm/prebuilt/linux-x86_64/bin/aarch64-linux-android23-clang -I. -I/home/runner/work/Hezartoo/Hezartoo/lokinet/build-android/build-arm64-v8a/static-deps/include -I/home/runner/work/Hezartoo/Hezartoo/lokinet/build-android/build-arm64-v8a/static-deps/include -DSRCDIR=. -O2 -c services/cache/dns.c  -fPIC -DPIC -o dns.o
libtool: compile:  /usr/local/lib/android/sdk/ndk/27.2.12479018/toolchains/llvm/prebuilt/linux-x86_64/bin/aarch64-linux-android23-clang -I. -I/home/runner/work/Hezartoo/Hezartoo/lokinet/build-android/build-arm64-v8a/static-deps/include -I/home/runner/work/Hezartoo/Hezartoo/lokinet/build-android/build-arm64-v8a/static-deps/include -DSRCDIR=. -O2 -c services/cache/infra.c  -fPIC -DPIC -o infra.o
libtool: compile:  /usr/local/lib/android/sdk/ndk/27.2.12479018/toolchains/llvm/prebuilt/linux-x86_64/bin/aarch64-linux-android23-clang -I. -I/home/runner/work/Hezartoo/Hezartoo/lokinet/build-android/build-arm64-v8a/static-deps/include -I/home/runner/work/Hezartoo/Hezartoo/lokinet/build-android/build-arm64-v8a/static-deps/include -DSRCDIR=. -O2 -c services/cache/rrset.c  -fPIC -DPIC -o rrset.o
  CXX      src/libzmq_la-tcp_address.lo
libtool: compile:  /usr/local/lib/android/sdk/ndk/27.2.12479018/toolchains/llvm/prebuilt/linux-x86_64/bin/aarch64-linux-android23-clang -I. -I/home/runner/work/Hezartoo/Hezartoo/lokinet/build-android/build-arm64-v8a/static-deps/include -I/home/runner/work/Hezartoo/Hezartoo/lokinet/build-android/build-arm64-v8a/static-deps/include -DSRCDIR=. -O2 -c util/data/dname.c  -fPIC -DPIC -o dname.o
  CXX      src/libzmq_la-tcp_connecter.lo
libtool: compile:  /usr/local/lib/android/sdk/ndk/27.2.12479018/toolchains/llvm/prebuilt/linux-x86_64/bin/aarch64-linux-android23-clang -I. -I/home/runner/work/Hezartoo/Hezartoo/lokinet/build-android/build-arm64-v8a/static-deps/include -I/home/runner/work/Hezartoo/Hezartoo/lokinet/build-android/build-arm64-v8a/static-deps/include -DSRCDIR=. -O2 -c util/data/msgencode.c  -fPIC -DPIC -o msgencode.o
  CXX      src/libzmq_la-tcp_listener.lo
libtool: compile:  /usr/local/lib/android/sdk/ndk/27.2.12479018/toolchains/llvm/prebuilt/linux-x86_64/bin/aarch64-linux-android23-clang -I. -I/home/runner/work/Hezartoo/Hezartoo/lokinet/build-android/build-arm64-v8a/static-deps/include -I/home/runner/work/Hezartoo/Hezartoo/lokinet/build-android/build-arm64-v8a/static-deps/include -DSRCDIR=. -O2 -c util/as112.c  -fPIC -DPIC -o as112.o
libtool: compile:  /usr/local/lib/android/sdk/ndk/27.2.12479018/toolchains/llvm/prebuilt/linux-x86_64/bin/aarch64-linux-android23-clang -I. -I/home/runner/work/Hezartoo/Hezartoo/lokinet/build-android/build-arm64-v8a/static-deps/include -I/home/runner/work/Hezartoo/Hezartoo/lokinet/build-android/build-arm64-v8a/static-deps/include -DSRCDIR=. -O2 -c util/data/msgparse.c  -fPIC -DPIC -o msgparse.o
  CXX      src/libzmq_la-thread.lo
libtool: compile:  /usr/local/lib/android/sdk/ndk/27.2.12479018/toolchains/llvm/prebuilt/linux-x86_64/bin/aarch64-linux-android23-clang -I. -I/home/runner/work/Hezartoo/Hezartoo/lokinet/build-android/build-arm64-v8a/static-deps/include -I/home/runner/work/Hezartoo/Hezartoo/lokinet/build-android/build-arm64-v8a/static-deps/include -DSRCDIR=. -O2 -c util/data/msgreply.c  -fPIC -DPIC -o msgreply.o
  CXX      src/libzmq_la-timers.lo
libtool: compile:  /usr/local/lib/android/sdk/ndk/27.2.12479018/toolchains/llvm/prebuilt/linux-x86_64/bin/aarch64-linux-android23-clang -I. -I/home/runner/work/Hezartoo/Hezartoo/lokinet/build-android/build-arm64-v8a/static-deps/include -I/home/runner/work/Hezartoo/Hezartoo/lokinet/build-android/build-arm64-v8a/static-deps/include -DSRCDIR=. -O2 -c util/data/packed_rrset.c  -fPIC -DPIC -o packed_rrset.o
  CXX      src/libzmq_la-tipc_address.lo
libtool: compile:  /usr/local/lib/android/sdk/ndk/27.2.12479018/toolchains/llvm/prebuilt/linux-x86_64/bin/aarch64-linux-android23-clang -I. -I/home/runner/work/Hezartoo/Hezartoo/lokinet/build-android/build-arm64-v8a/static-deps/include -I/home/runner/work/Hezartoo/Hezartoo/lokinet/build-android/build-arm64-v8a/static-deps/include -DSRCDIR=. -O2 -c iterator/iterator.c  -fPIC -DPIC -o iterator.o
libtool: compile:  /usr/local/lib/android/sdk/ndk/27.2.12479018/toolchains/llvm/prebuilt/linux-x86_64/bin/aarch64-linux-android23-clang -I. -I/home/runner/work/Hezartoo/Hezartoo/lokinet/build-android/build-arm64-v8a/static-deps/include -I/home/runner/work/Hezartoo/Hezartoo/lokinet/build-android/build-arm64-v8a/static-deps/include -DSRCDIR=. -O2 -c iterator/iter_delegpt.c  -fPIC -DPIC -o iter_delegpt.o
  CXX      src/libzmq_la-tipc_connecter.lo
libtool: compile:  /usr/local/lib/android/sdk/ndk/27.2.12479018/toolchains/llvm/prebuilt/linux-x86_64/bin/aarch64-linux-android23-clang -I. -I/home/runner/work/Hezartoo/Hezartoo/lokinet/build-android/build-arm64-v8a/static-deps/include -I/home/runner/work/Hezartoo/Hezartoo/lokinet/build-android/build-arm64-v8a/static-deps/include -DSRCDIR=. -O2 -c iterator/iter_donotq.c  -fPIC -DPIC -o iter_donotq.o
libtool: compile:  /usr/local/lib/android/sdk/ndk/27.2.12479018/toolchains/llvm/prebuilt/linux-x86_64/bin/aarch64-linux-android23-clang -I. -I/home/runner/work/Hezartoo/Hezartoo/lokinet/build-android/build-arm64-v8a/static-deps/include -I/home/runner/work/Hezartoo/Hezartoo/lokinet/build-android/build-arm64-v8a/static-deps/include -DSRCDIR=. -O2 -c iterator/iter_fwd.c  -fPIC -DPIC -o iter_fwd.o
  CXX      src/libzmq_la-tipc_listener.lo
  CXX      src/libzmq_la-trie.lo
libtool: compile:  /usr/local/lib/android/sdk/ndk/27.2.12479018/toolchains/llvm/prebuilt/linux-x86_64/bin/aarch64-linux-android23-clang -I. -I/home/runner/work/Hezartoo/Hezartoo/lokinet/build-android/build-arm64-v8a/static-deps/include -I/home/runner/work/Hezartoo/Hezartoo/lokinet/build-android/build-arm64-v8a/static-deps/include -DSRCDIR=. -O2 -c iterator/iter_hints.c  -fPIC -DPIC -o iter_hints.o
libtool: compile:  /usr/local/lib/android/sdk/ndk/27.2.12479018/toolchains/llvm/prebuilt/linux-x86_64/bin/aarch64-linux-android23-clang -I. -I/home/runner/work/Hezartoo/Hezartoo/lokinet/build-android/build-arm64-v8a/static-deps/include -I/home/runner/work/Hezartoo/Hezartoo/lokinet/build-android/build-arm64-v8a/static-deps/include -DSRCDIR=. -O2 -c iterator/iter_priv.c  -fPIC -DPIC -o iter_priv.o
  CXX      src/libzmq_la-udp_address.lo
libtool: compile:  /usr/local/lib/android/sdk/ndk/27.2.12479018/toolchains/llvm/prebuilt/linux-x86_64/bin/aarch64-linux-android23-clang -I. -I/home/runner/work/Hezartoo/Hezartoo/lokinet/build-android/build-arm64-v8a/static-deps/include -I/home/runner/work/Hezartoo/Hezartoo/lokinet/build-android/build-arm64-v8a/static-deps/include -DSRCDIR=. -O2 -c iterator/iter_resptype.c  -fPIC -DPIC -o iter_resptype.o
libtool: compile:  /usr/local/lib/android/sdk/ndk/27.2.12479018/toolchains/llvm/prebuilt/linux-x86_64/bin/aarch64-linux-android23-clang -I. -I/home/runner/work/Hezartoo/Hezartoo/lokinet/build-android/build-arm64-v8a/static-deps/include -I/home/runner/work/Hezartoo/Hezartoo/lokinet/build-android/build-arm64-v8a/static-deps/include -DSRCDIR=. -O2 -c iterator/iter_scrub.c  -fPIC -DPIC -o iter_scrub.o
libtool: compile:  /usr/local/lib/android/sdk/ndk/27.2.12479018/toolchains/llvm/prebuilt/linux-x86_64/bin/aarch64-linux-android23-clang -I. -I/home/runner/work/Hezartoo/Hezartoo/lokinet/build-android/build-arm64-v8a/static-deps/include -I/home/runner/work/Hezartoo/Hezartoo/lokinet/build-android/build-arm64-v8a/static-deps/include -DSRCDIR=. -O2 -c iterator/iter_utils.c  -fPIC -DPIC -o iter_utils.o
  CXX      src/libzmq_la-udp_engine.lo
libtool: compile:  /usr/local/lib/android/sdk/ndk/27.2.12479018/toolchains/llvm/prebuilt/linux-x86_64/bin/aarch64-linux-android23-clang -I. -I/home/runner/work/Hezartoo/Hezartoo/lokinet/build-android/build-arm64-v8a/static-deps/include -I/home/runner/work/Hezartoo/Hezartoo/lokinet/build-android/build-arm64-v8a/static-deps/include -DSRCDIR=. -O2 -c services/localzone.c  -fPIC -DPIC -o localzone.o
libtool: compile:  /usr/local/lib/android/sdk/ndk/27.2.12479018/toolchains/llvm/prebuilt/linux-x86_64/bin/aarch64-linux-android23-clang -I. -I/home/runner/work/Hezartoo/Hezartoo/lokinet/build-android/build-arm64-v8a/static-deps/include -I/home/runner/work/Hezartoo/Hezartoo/lokinet/build-android/build-arm64-v8a/static-deps/include -DSRCDIR=. -O2 -c services/mesh.c  -fPIC -DPIC -o mesh.o
libtool: compile:  /usr/local/lib/android/sdk/ndk/27.2.12479018/toolchains/llvm/prebuilt/linux-x86_64/bin/aarch64-linux-android23-clang -I. -I/home/runner/work/Hezartoo/Hezartoo/lokinet/build-android/build-arm64-v8a/static-deps/include -I/home/runner/work/Hezartoo/Hezartoo/lokinet/build-android/build-arm64-v8a/static-deps/include -DSRCDIR=. -O2 -c services/modstack.c  -fPIC -DPIC -o modstack.o
  CXX      src/libzmq_la-v1_decoder.lo
libtool: compile:  /usr/local/lib/android/sdk/ndk/27.2.12479018/toolchains/llvm/prebuilt/linux-x86_64/bin/aarch64-linux-android23-clang -I. -I/home/runner/work/Hezartoo/Hezartoo/lokinet/build-android/build-arm64-v8a/static-deps/include -I/home/runner/work/Hezartoo/Hezartoo/lokinet/build-android/build-arm64-v8a/static-deps/include -DSRCDIR=. -O2 -c services/view.c  -fPIC -DPIC -o view.o
  CXX      src/libzmq_la-v2_decoder.lo
libtool: compile:  /usr/local/lib/android/sdk/ndk/27.2.12479018/toolchains/llvm/prebuilt/linux-x86_64/bin/aarch64-linux-android23-clang -I. -I/home/runner/work/Hezartoo/Hezartoo/lokinet/build-android/build-arm64-v8a/static-deps/include -I/home/runner/work/Hezartoo/Hezartoo/lokinet/build-android/build-arm64-v8a/static-deps/include -DSRCDIR=. -O2 -c services/outbound_list.c  -fPIC -DPIC -o outbound_list.o
libtool: compile:  /usr/local/lib/android/sdk/ndk/27.2.12479018/toolchains/llvm/prebuilt/linux-x86_64/bin/aarch64-linux-android23-clang -I. -I/home/runner/work/Hezartoo/Hezartoo/lokinet/build-android/build-arm64-v8a/static-deps/include -I/home/runner/work/Hezartoo/Hezartoo/lokinet/build-android/build-arm64-v8a/static-deps/include -DSRCDIR=. -O2 -c util/alloc.c  -fPIC -DPIC -o alloc.o
libtool: compile:  /usr/local/lib/android/sdk/ndk/27.2.12479018/toolchains/llvm/prebuilt/linux-x86_64/bin/aarch64-linux-android23-clang -I. -I/home/runner/work/Hezartoo/Hezartoo/lokinet/build-android/build-arm64-v8a/static-deps/include -I/home/runner/work/Hezartoo/Hezartoo/lokinet/build-android/build-arm64-v8a/static-deps/include -DSRCDIR=. -O2 -c util/configparser.c  -fPIC -DPIC -o configparser.o
In file included from util/configparser.c:123:
util/configparser.h:49:2: error: unterminated conditional directive
   49 | #ifndef YYTOKENTYPE
      |  ^
util/configparser.h:38:2: error: unterminated conditional directive
   38 | #ifndef YY_YY_UTIL_CONFIGPARSER_H_INCLUDED
      |  ^
util/configparser.c:125:1: error: expected expression
  125 | enum yysymbol_kind_t
      | ^
util/configparser.y:3781:2: error: expected '}' or ','
 3781 | }
      |  ^
util/configparser.y:3781:2: error: expected '}'
util/configparser.h:52:3: note: to match this '{'
   52 |   {
      |   ^
util/configparser.y:3781:2: error: expected ';' after enum
 3781 | }
      |  ^
      |  ;
6 errors generated.
make[5]: *** [Makefile:318: configparser.lo] Error 1
make[5]: *** Waiting for unfinished jobs....
  CXX      src/libzmq_la-v1_encoder.lo
  CXX      src/libzmq_la-v2_encoder.lo
  CXX      src/libzmq_la-v3_1_encoder.lo
make[5]: Leaving directory '/home/runner/work/Hezartoo/Hezartoo/lokinet/build-android/build-arm64-v8a/static-deps-sources/src/unbound_external'
make[4]: *** [CMakeFiles/unbound_external.dir/build.make:86: static-deps-sources/src/unbound_external-stamp/unbound_external-build] Error 2
make[4]: Leaving directory '/home/runner/work/Hezartoo/Hezartoo/lokinet/build-android/build-arm64-v8a'
make[3]: *** [CMakeFiles/Makefile2:608: CMakeFiles/unbound_external.dir/all] Error 2
make[3]: *** Waiting for unfinished jobs....
  CXX      src/libzmq_la-vmci.lo
  CXX      src/libzmq_la-vmci_address.lo
  CXX      src/libzmq_la-vmci_connecter.lo
  CXX      src/libzmq_la-vmci_listener.lo
  CXX      src/libzmq_la-xpub.lo
  CXX      src/libzmq_la-xsub.lo
  CXX      src/libzmq_la-zmq.lo
  CXX      src/libzmq_la-zmq_utils.lo
  CXX      src/libzmq_la-decoder_allocators.lo
  CXX      src/libzmq_la-socket_poller.lo
  CXX      src/libzmq_la-zap_client.lo
  CXX      src/libzmq_la-zmtp_engine.lo
  CXX      perf/inproc_lat.o
  CXX      perf/inproc_thr.o
  CXX      perf/proxy_thr.o
  CXXLD    src/libzmq.la
  CXXLD    perf/local_lat
  CXXLD    perf/remote_lat
  CXXLD    perf/local_thr
  CXXLD    perf/remote_thr
  CXXLD    perf/inproc_lat
  CXXLD    perf/inproc_thr
  CXXLD    perf/proxy_thr
  CXXLD    perf/benchmark_radix_tree
make[7]: Entering directory '/home/runner/work/Hezartoo/Hezartoo/lokinet/build-android/build-arm64-v8a/static-deps-sources/src/zmq_external'
 /usr/bin/mkdir -p '/home/runner/work/Hezartoo/Hezartoo/lokinet/build-android/build-arm64-v8a/static-deps/include'
 /usr/bin/mkdir -p '/home/runner/work/Hezartoo/Hezartoo/lokinet/build-android/build-arm64-v8a/static-deps/lib/pkgconfig'
 /usr/bin/mkdir -p '/home/runner/work/Hezartoo/Hezartoo/lokinet/build-android/build-arm64-v8a/static-deps/lib'
 /usr/bin/install -c -m 644 src/libzmq.pc '/home/runner/work/Hezartoo/Hezartoo/lokinet/build-android/build-arm64-v8a/static-deps/lib/pkgconfig'
 /usr/bin/install -c -m 644 include/zmq.h include/zmq_utils.h '/home/runner/work/Hezartoo/Hezartoo/lokinet/build-android/build-arm64-v8a/static-deps/include'
 /bin/bash ./libtool   --mode=install /usr/bin/install -c   src/libzmq.la '/home/runner/work/Hezartoo/Hezartoo/lokinet/build-android/build-arm64-v8a/static-deps/lib'
libtool: install: /usr/bin/install -c src/.libs/libzmq.lai /home/runner/work/Hezartoo/Hezartoo/lokinet/build-android/build-arm64-v8a/static-deps/lib/libzmq.la
libtool: install: /usr/bin/install -c src/.libs/libzmq.a /home/runner/work/Hezartoo/Hezartoo/lokinet/build-android/build-arm64-v8a/static-deps/lib/libzmq.a
libtool: install: chmod 644 /home/runner/work/Hezartoo/Hezartoo/lokinet/build-android/build-arm64-v8a/static-deps/lib/libzmq.a
libtool: install: ranlib /home/runner/work/Hezartoo/Hezartoo/lokinet/build-android/build-arm64-v8a/static-deps/lib/libzmq.a
make[7]: Leaving directory '/home/runner/work/Hezartoo/Hezartoo/lokinet/build-android/build-arm64-v8a/static-deps-sources/src/zmq_external'
make[6]: Leaving directory '/home/runner/work/Hezartoo/Hezartoo/lokinet/build-android/build-arm64-v8a/static-deps-sources/src/zmq_external'
make[5]: Leaving directory '/home/runner/work/Hezartoo/Hezartoo/lokinet/build-android/build-arm64-v8a/static-deps-sources/src/zmq_external'
[ 44%] Completed 'zmq_external'
make[4]: Leaving directory '/home/runner/work/Hezartoo/Hezartoo/lokinet/build-android/build-arm64-v8a'
[ 44%] Built target zmq_external
make[3]: Leaving directory '/home/runner/work/Hezartoo/Hezartoo/lokinet/build-android/build-arm64-v8a'
make[2]: *** [CMakeFiles/Makefile2:1403: jni/CMakeFiles/lokinet-android.dir/rule] Error 2
make[2]: Leaving directory '/home/runner/work/Hezartoo/Hezartoo/lokinet/build-android/build-arm64-v8a'
make[1]: *** [Makefile:527: lokinet-android] Error 2
make[1]: Leaving directory '/home/runner/work/Hezartoo/Hezartoo/lokinet/build-android/build-arm64-v8a'
make: *** [Makefile:4: arm64-v8a] Error 2
make: Leaving directory '/home/runner/work/Hezartoo/Hezartoo/lokinet/build-android'
